To honour the JVM settings for this build a single-use Daemon process will be forked. For more on this, please refer to https://docs.gradle.org/9.7.0/userguide/gradle_daemon.html#sec:disabling_the_daemon in the Gradle documentation.
Daemon will be stopped at the end of the build 
> Task :app:preBuild UP-TO-DATE
> Task :app:preDebugBuild UP-TO-DATE
> Task :app:mergeDebugNativeDebugMetadata NO-SOURCE
> Task :app:javaPreCompileDebug UP-TO-DATE
> Task :app:checkDebugAarMetadata UP-TO-DATE
> Task :app:generateDebugResValues UP-TO-DATE
> Task :app:processDebugGoogleServices UP-TO-DATE
> Task :app:mapDebugSourceSetPaths UP-TO-DATE
> Task :app:generateDebugResources UP-TO-DATE
> Task :app:mergeDebugResources UP-TO-DATE
> Task :app:packageDebugResources UP-TO-DATE
> Task :app:parseDebugLocalResources UP-TO-DATE
> Task :app:createDebugCompatibleScreenManifests UP-TO-DATE
> Task :app:extractDeepLinksDebug UP-TO-DATE
> Task :app:processDebugMainManifest UP-TO-DATE
> Task :app:processDebugManifest UP-TO-DATE
> Task :app:processDebugManifestForPackage UP-TO-DATE
> Task :app:processDebugResources UP-TO-DATE

> Task :app:compileDebugJavaWithJavac FAILED
Java compiler version 25 has deprecated support for compiling with source/target version 8.
Try one of the following options:
    1. [Recommended] Use Java toolchain with a lower language version
    2. Set a higher source/target version
    3. Use a lower version of the JDK running the build (if you're not using Java toolchain)
For more details on how to configure these settings, see https://developer.android.com/build/jdks.
To suppress this warning, set android.javaCompile.suppressSourceTargetDeprecationWarning=true in gradle.properties.
warning: [options] source value 8 is obsolete and will be removed in a future release
warning: [options] target value 8 is obsolete and will be removed in a future release
warning: [options] To suppress warnings about obsolete options, use -Xlint:-options.
/workspaces/inventory-app/inventory_app/app/src/main/java/com/promix/inventory/MainActivity.before-product-sync.java:23: error: class MainActivity is public, should be declared in a file named MainActivity.java
public class MainActivity extends Activity {
       ^
/workspaces/inventory-app/inventory_app/app/src/main/java/com/promix/inventory/MainActivity.java:23: error: duplicate class: com.promix.inventory.MainActivity
public class MainActivity extends Activity {
       ^
Note: /workspaces/inventory-app/inventory_app/app/src/main/java/com/promix/inventory/MainActivity.before-product-sync.java uses or overrides a deprecated API.
Note: Recompile with -Xlint:deprecation for details.
2 errors
3 warnings

[Incubating] Problems report is available at: file:///workspaces/inventory-app/inventory_app/build/reports/problems/problems-report.html

FAILURE: Build failed with an exception.

* What went wrong:
Execution failed for task ':app:compileDebugJavaWithJavac' (registered by plugin 'com.android.internal.application').
> Compilation failed; see the compiler output below.
  Note: /workspaces/inventory-app/inventory_app/app/src/main/java/com/promix/inventory/MainActivity.before-product-sync.java uses or overrides a deprecated API.
  warning: [options] target value 8 is obsolete and will be removed in a future release
  Note: Recompile with -Xlint:deprecation for details.
  warning: [options] source value 8 is obsolete and will be removed in a future release
  warning: [options] To suppress warnings about obsolete options, use -Xlint:-options.
  /workspaces/inventory-app/inventory_app/app/src/main/java/com/promix/inventory/MainActivity.java:23: error: duplicate class: com.promix.inventory.MainActivity
  public class MainActivity extends Activity {
         ^
  /workspaces/inventory-app/inventory_app/app/src/main/java/com/promix/inventory/MainActivity.before-product-sync.java:23: error: class MainActivity is public, should be declared in a file named MainActivity.java
  public class MainActivity extends Activity {
         ^
  2 errors
  3 warnings

* Try:
> Check your code and dependencies to fix the compilation error(s)
> Run with --scan to get full insights from a Build Scan (powered by Develocity).

Deprecated Gradle features were used in this build, making it incompatible with Gradle 10.

You can use '--warning-mode all' to show the individual deprecation warnings and determine if they come from your own scripts or plugins.

For more on this, please refer to https://docs.gradle.org/9.7.0/userguide/command_line_interface.html#sec:command_line_warnings in the Gradle documentation.

BUILD FAILED in 15s
16 actionable tasks: 1 executed, 15 up-to-date
